// Jest Snapshot v1, https://goo.gl/fbAQLP

exports[`it renders a dropdown list of companies 1`] = `
<input
  aria-hidden="true"
  class="MuiSelect-nativeInput"
  data-testid="company-select"
  tabindex="-1"
  value=""
/>
`;
